
> app-scaffold@0.1.0 test:coverage
> jest --coverage

PASS __tests__/encryption.test.ts
FAIL __tests__/fallbackAdapter.test.ts
  ● Test suite failed to run

      x Expected '=>', got '.'
        ,-[C:\PROJECT\AI-powered accessibility first UI engine\__tests__\fallbackAdapter.test.ts:12:1]
      9 |     return {
     10 |       provider: providerName,
     11 |       calls: 0,
     12 |       generate: async jest.fn(async () => {
        :                           ^
     13 |         calls++;
     14 |         if (shouldFail) {
     15 |           if (calls <= failureRetries) {
        `----


    Caused by:
        Syntax Error

      at Object.transformSync (node_modules/next/src/build/swc/index.ts:1603:25)
      at transformSync (node_modules/next/src/build/swc/index.ts:1746:19)
      at Object.process (node_modules/next/src/build/swc/jest-transformer.ts:107:25)
      at ScriptTransformer.transformSource (node_modules/@jest/transform/build/index.js:415:31)
      at ScriptTransformer._transformAndBuildScript (node_modules/@jest/transform/build/index.js:512:40)
      at ScriptTransformer.transform (node_modules/@jest/transform/build/index.js:551:19)

PASS __tests__/base.test.ts
FAIL __tests__/a11yValidator.test.ts
  ● Accessibility Validator › should detect missing alt attributes on img tags

    expect(received).toBe(expected) // Object.is equality

    Expected: true
    Received: false

    [0m [90m 10 |[39m     [36mconst[39m report [33m=[39m validateAccessibility(badCode)[33m;[39m
     [90m 11 |[39m     expect(report[33m.[39mpassed)[33m.[39mtoBe([36mfalse[39m)[33m;[39m
    [31m[1m>[22m[39m[90m 12 |[39m     expect(report[33m.[39mviolations[33m.[39msome(v [33m=>[39m v[33m.[39mrule [33m===[39m [32m'img-alt'[39m))[33m.[39mtoBe([36mtrue[39m)[33m;[39m
     [90m    |[39m                                                               [31m[1m^[22m[39m
     [90m 13 |[39m     [90m// Because it's a critical violation, score should be significantly reduced[39m
     [90m 14 |[39m     expect(report[33m.[39mscore)[33m.[39mtoBeLessThan([35m100[39m)[33m;[39m
     [90m 15 |[39m   })[33m;[39m[0m

      at Object.toBe (__tests__/a11yValidator.test.ts:12:63)

  ● Accessibility Validator › should detect missing aria-label or accessible text on buttons

    expect(received).toBe(expected) // Object.is equality

    Expected: false
    Received: true

    [0m [90m 33 |[39m [32m    `[39m[33m;[39m
     [90m 34 |[39m     [36mconst[39m report [33m=[39m validateAccessibility(badCode)[33m;[39m
    [31m[1m>[22m[39m[90m 35 |[39m     expect(report[33m.[39mpassed)[33m.[39mtoBe([36mfalse[39m)[33m;[39m
     [90m    |[39m                           [31m[1m^[22m[39m
     [90m 36 |[39m     expect(report[33m.[39mviolations[33m.[39msome(v [33m=>[39m v[33m.[39mrule [33m===[39m [32m'button-name'[39m))[33m.[39mtoBe([36mtrue[39m)[33m;[39m
     [90m 37 |[39m   })[33m;[39m
     [90m 38 |[39m[0m

      at Object.toBe (__tests__/a11yValidator.test.ts:35:27)

-------------------------|---------|----------|---------|---------|----------------------------------------------------------------------
File                     | % Stmts | % Branch | % Funcs | % Lines | Uncovered Line #s                                                    
-------------------------|---------|----------|---------|---------|----------------------------------------------------------------------
All files                |   21.97 |       50 |      56 |   21.97 |                                                                      
 ai/adapters             |    15.2 |    46.15 |    12.5 |    15.2 |                                                                      
  anthropic.ts           |       0 |        0 |       0 |       0 | 1-78                                                                 
  base.ts                |     100 |      100 |     100 |     100 |                                                                      
  deepseek.ts            |       0 |        0 |       0 |       0 | 1-88                                                                 
  fallback.ts            |       0 |        0 |       0 |       0 | 1-179                                                                
  google.ts              |       0 |        0 |       0 |       0 | 1-89                                                                 
  index.ts               |       0 |        0 |       0 |       0 | 1-239                                                                
  ollama.ts              |       0 |        0 |       0 |       0 | 1-83                                                                 
  openai.ts              |       0 |        0 |       0 |       0 | 1-97                                                                 
 security                |    37.5 |    53.33 |      75 |    37.5 |                                                                      
  encryption.ts          |   76.74 |    57.14 |     100 |   76.74 | 9-10,17-18,24-26,57-58,76-86                                         
  workspaceKeyService.ts |       0 |        0 |       0 |       0 | 1-90                                                                 
 validation              |      28 |       50 |   76.92 |      28 |                                                                      
  a11yValidator.ts       |   60.38 |    52.77 |    90.9 |   60.38 | 29-42,57-58,89,92-95,106-113,127-132,147-152,170-175,189-194,243-313 
  schemas.ts             |       0 |        0 |       0 |       0 | 1-278                                                                
  security.ts            |       0 |        0 |       0 |       0 | 1-84                                                                 
-------------------------|---------|----------|---------|---------|----------------------------------------------------------------------
Test Suites: 2 failed, 2 passed, 4 total
Tests:       2 failed, 9 passed, 11 total
Snapshots:   0 total
Time:        1.87 s, estimated 3 s
Ran all test suites.
